
> Task :compileJava
.\gradlew : C:\Users\Le
novo\Downloads\Kabad-be
cho-proj-main\Kabad-bec
ho-proj-main\backend\sr
c\main\java\com\kabadbe
cho\backend\service\Ema
ilService.java:39: 
error: cannot find 
symbol
At line:1 char:1
+ .\gradlew 
compileJava 
--console=plain > 
build_errors.txt 2>&1
+ ~~~~~~~~~~~~~~~~~~~~~
~~~~~~~~~~~~~~~~~~~~~~~
~~~~~~~~~~~~~~~~~
    + CategoryInfo     
         : NotSpecifi  
  ed: (C:\Users\Leno   
 vo...not find symb    
ol:String) [], Rem    
oteException
    + FullyQualifiedEr 
   rorId : NativeComm  
  andError
 
            if 
(request.getUser() != 
null && request.getUser
().getEmail() != null) 
{
                       
^
  symbol:   method 
getUser()
  location: variable 
request of type 
PickupRequest
C:\Users\Lenovo\Downloa
ds\Kabad-becho-proj-mai
n\Kabad-becho-proj-main
\backend\src\main\java\
com\kabadbecho\backend\
service\EmailService.ja
va:39: error: cannot 
find symbol
            if 
(request.getUser() != 
null && request.getUser
().getEmail() != null) 
{
                       
                       
      ^
  symbol:   method 
getUser()
  location: variable 
request of type 
PickupRequest
C:\Users\Lenovo\Downloa
ds\Kabad-becho-proj-mai
n\Kabad-becho-proj-main
\backend\src\main\java\
com\kabadbecho\backend\
service\EmailService.ja
va:40: error: cannot 
find symbol
                mailMes
sage.setTo(request.getU
ser().getEmail());
                       
                  ^
  symbol:   method 
getUser()
  location: variable 
request of type 
PickupRequest
3 errors

> Task :compileJava FAILED

FAILURE: Build failed 
with an exception.

* What went wrong:
Execution failed for 
task ':compileJava'.
> Compilation failed; 
see the compiler error 
output for details.

* Try:
> Run with --info 
option to get more log 
output.
> Run with --scan to 
get full insights.

BUILD FAILED in 4s
1 actionable task: 1 executed
